Archive member included to satisfy reference by file (symbol)

/usr/share/gcc-arm-none-eabi-10.3-2021.10/bin/../lib/gcc/arm-none-eabi/10.3.1/thumb/v7e-m/nofp/libgcc.a(_aeabi_uldivmod.o)
                              ./system/src/stm32f4-hal/stm32f4xx_hal_rcc.o (__aeabi_uldivmod)
/usr/share/gcc-arm-none-eabi-10.3-2021.10/bin/../lib/gcc/arm-none-eabi/10.3.1/thumb/v7e-m/nofp/libgcc.a(_udivmoddi4.o)
                              /usr/share/gcc-arm-none-eabi-10.3-2021.10/bin/../lib/gcc/arm-none-eabi/10.3.1/thumb/v7e-m/nofp/libgcc.a(_aeabi_uldivmod.o) (__udivmoddi4)
/usr/share/gcc-arm-none-eabi-10.3-2021.10/bin/../lib/gcc/arm-none-eabi/10.3.1/thumb/v7e-m/nofp/libgcc.a(_dvmd_tls.o)
                              /usr/share/gcc-arm-none-eabi-10.3-2021.10/bin/../lib/gcc/arm-none-eabi/10.3.1/thumb/v7e-m/nofp/libgcc.a(_aeabi_uldivmod.o) (__aeabi_ldiv0)
/usr/share/gcc-arm-none-eabi-10.3-2021.10/bin/../lib/gcc/arm-none-eabi/10.3.1/../../../../arm-none-eabi/lib/thumb/v7e-m/nofp/libg_nano.a(lib_a-errno.o)
                              ./system/src/newlib/sbrk.o (__errno)
/usr/share/gcc-arm-none-eabi-10.3-2021.10/bin/../lib/gcc/arm-none-eabi/10.3.1/../../../../arm-none-eabi/lib/thumb/v7e-m/nofp/libg_nano.a(lib_a-impure.o)
                              /usr/share/gcc-arm-none-eabi-10.3-2021.10/bin/../lib/gcc/arm-none-eabi/10.3.1/../../../../arm-none-eabi/lib/thumb/v7e-m/nofp/libg_nano.a(lib_a-errno.o) (_impure_ptr)
/usr/share/gcc-arm-none-eabi-10.3-2021.10/bin/../lib/gcc/arm-none-eabi/10.3.1/../../../../arm-none-eabi/lib/thumb/v7e-m/nofp/libg_nano.a(lib_a-strlen.o)
                              ./system/src/diag/trace.o (strlen)
/usr/share/gcc-arm-none-eabi-10.3-2021.10/bin/../lib/gcc/arm-none-eabi/10.3.1/../../../../arm-none-eabi/lib/thumb/v7e-m/nofp/libg_nano.a(lib_a-vsnprintf.o)
                              ./system/src/diag/trace.o (vsnprintf)
/usr/share/gcc-arm-none-eabi-10.3-2021.10/bin/../lib/gcc/arm-none-eabi/10.3.1/../../../../arm-none-eabi/lib/thumb/v7e-m/nofp/libg_nano.a(lib_a-nano-svfprintf.o)
                              /usr/share/gcc-arm-none-eabi-10.3-2021.10/bin/../lib/gcc/arm-none-eabi/10.3.1/../../../../arm-none-eabi/lib/thumb/v7e-m/nofp/libg_nano.a(lib_a-vsnprintf.o) (_svfprintf_r)
/usr/share/gcc-arm-none-eabi-10.3-2021.10/bin/../lib/gcc/arm-none-eabi/10.3.1/../../../../arm-none-eabi/lib/thumb/v7e-m/nofp/libg_nano.a(lib_a-nano-vfprintf_i.o)
                              /usr/share/gcc-arm-none-eabi-10.3-2021.10/bin/../lib/gcc/arm-none-eabi/10.3.1/../../../../arm-none-eabi/lib/thumb/v7e-m/nofp/libg_nano.a(lib_a-nano-svfprintf.o) (_printf_i)
/usr/share/gcc-arm-none-eabi-10.3-2021.10/bin/../lib/gcc/arm-none-eabi/10.3.1/../../../../arm-none-eabi/lib/thumb/v7e-m/nofp/libg_nano.a(lib_a-memchr.o)
                              /usr/share/gcc-arm-none-eabi-10.3-2021.10/bin/../lib/gcc/arm-none-eabi/10.3.1/../../../../arm-none-eabi/lib/thumb/v7e-m/nofp/libg_nano.a(lib_a-nano-svfprintf.o) (memchr)
/usr/share/gcc-arm-none-eabi-10.3-2021.10/bin/../lib/gcc/arm-none-eabi/10.3.1/../../../../arm-none-eabi/lib/thumb/v7e-m/nofp/libg_nano.a(lib_a-memcpy-stub.o)
                              /usr/share/gcc-arm-none-eabi-10.3-2021.10/bin/../lib/gcc/arm-none-eabi/10.3.1/../../../../arm-none-eabi/lib/thumb/v7e-m/nofp/libg_nano.a(lib_a-nano-svfprintf.o) (memcpy)
/usr/share/gcc-arm-none-eabi-10.3-2021.10/bin/../lib/gcc/arm-none-eabi/10.3.1/../../../../arm-none-eabi/lib/thumb/v7e-m/nofp/libg_nano.a(lib_a-memmove.o)
                              /usr/share/gcc-arm-none-eabi-10.3-2021.10/bin/../lib/gcc/arm-none-eabi/10.3.1/../../../../arm-none-eabi/lib/thumb/v7e-m/nofp/libg_nano.a(lib_a-nano-svfprintf.o) (memmove)
/usr/share/gcc-arm-none-eabi-10.3-2021.10/bin/../lib/gcc/arm-none-eabi/10.3.1/../../../../arm-none-eabi/lib/thumb/v7e-m/nofp/libg_nano.a(lib_a-nano-freer.o)
                              /usr/share/gcc-arm-none-eabi-10.3-2021.10/bin/../lib/gcc/arm-none-eabi/10.3.1/../../../../arm-none-eabi/lib/thumb/v7e-m/nofp/libg_nano.a(lib_a-nano-svfprintf.o) (_free_r)
/usr/share/gcc-arm-none-eabi-10.3-2021.10/bin/../lib/gcc/arm-none-eabi/10.3.1/../../../../arm-none-eabi/lib/thumb/v7e-m/nofp/libg_nano.a(lib_a-nano-mallocr.o)
                              /usr/share/gcc-arm-none-eabi-10.3-2021.10/bin/../lib/gcc/arm-none-eabi/10.3.1/../../../../arm-none-eabi/lib/thumb/v7e-m/nofp/libg_nano.a(lib_a-nano-svfprintf.o) (_malloc_r)
/usr/share/gcc-arm-none-eabi-10.3-2021.10/bin/../lib/gcc/arm-none-eabi/10.3.1/../../../../arm-none-eabi/lib/thumb/v7e-m/nofp/libg_nano.a(lib_a-nano-reallocr.o)
                              /usr/share/gcc-arm-none-eabi-10.3-2021.10/bin/../lib/gcc/arm-none-eabi/10.3.1/../../../../arm-none-eabi/lib/thumb/v7e-m/nofp/libg_nano.a(lib_a-nano-svfprintf.o) (_realloc_r)
/usr/share/gcc-arm-none-eabi-10.3-2021.10/bin/../lib/gcc/arm-none-eabi/10.3.1/../../../../arm-none-eabi/lib/thumb/v7e-m/nofp/libg_nano.a(lib_a-sbrkr.o)
[...]
Memory Configuration

Name             Origin             Length             Attributes
RAM              0x0000000020000000 0x0000000000020000 xrw
CCMRAM           0x0000000010000000 0x0000000000010000 xrw
FLASH            0x0000000008000000 0x0000000000100000 xr
FLASHB1          0x0000000000000000 0x0000000000000000 xr
EXTMEMB0         0x0000000000000000 0x0000000000000000 xr
EXTMEMB1         0x0000000000000000 0x0000000000000000 xr
EXTMEMB2         0x0000000000000000 0x0000000000000000 xr
EXTMEMB3         0x0000000000000000 0x0000000000000000 xr
MEMORY_ARRAY     0x0000000020002000 0x0000000000000020 xrw
*default*        0x0000000000000000 0xffffffffffffffff

Linker script and memory map

LOAD ./system/src/stm32f4-hal/stm32f4xx_hal.o
LOAD ./system/src/stm32f4-hal/stm32f4xx_hal_cortex.o
LOAD ./system/src/stm32f4-hal/stm32f4xx_hal_flash.o
LOAD ./system/src/stm32f4-hal/stm32f4xx_hal_flash_ex.o
LOAD ./system/src/stm32f4-hal/stm32f4xx_hal_flash_ramfunc.o
LOAD ./system/src/stm32f4-hal/stm32f4xx_hal_gpio.o
LOAD ./system/src/stm32f4-hal/stm32f4xx_hal_iwdg.o
LOAD ./system/src/stm32f4-hal/stm32f4xx_hal_pwr.o
LOAD ./system/src/stm32f4-hal/stm32f4xx_hal_rcc.o
LOAD ./system/src/newlib/assert.o
LOAD ./system/src/newlib/cxx.o
LOAD ./system/src/newlib/exit.o
LOAD ./system/src/newlib/sbrk.o
LOAD ./system/src/newlib/startup.o
LOAD ./system/src/newlib/syscalls.o
LOAD ./system/src/diag/trace-impl.o
LOAD ./system/src/diag/trace.o
LOAD ./system/src/cortexm/exception-handlers.o
LOAD ./system/src/cortexm/initialize-hardware.o
LOAD ./system/src/cortexm/reset-hardware.o
LOAD ./system/src/cmsis/system_stm32f4xx.o
LOAD ./system/src/cmsis/vectors_stm32f407xx.o
LOAD ./src/initialize-hardware.o
LOAD ./src/led.o
LOAD ./src/main.o
LOAD ./src/stm32f4xx_adc.o
LOAD ./src/stm32f4xx_hal_msp.o
LOAD ./src/timer.o
LOAD ./src/write.o
LOAD /usr/share/gcc-arm-none-eabi-10.3-2021.10/bin/../lib/gcc/arm-none-eabi/10.3.1/../../../../arm-none-eabi/lib/thumb/v7e-m/nofp/libstdc++_nano.a
LOAD /usr/share/gcc-arm-none-eabi-10.3-2021.10/bin/../lib/gcc/arm-none-eabi/10.3.1/../../../../arm-none-eabi/lib/thumb/v7e-m/nofp/libm.a
START GROUP
LOAD /usr/share/gcc-arm-none-eabi-10.3-2021.10/bin/../lib/gcc/arm-none-eabi/10.3.1/thumb/v7e-m/nofp/libgcc.a
LOAD /usr/share/gcc-arm-none-eabi-10.3-2021.10/bin/../lib/gcc/arm-none-eabi/10.3.1/../../../../arm-none-eabi/lib/thumb/v7e-m/nofp/libg_nano.a
LOAD /usr/share/gcc-arm-none-eabi-10.3-2021.10/bin/../lib/gcc/arm-none-eabi/10.3.1/../../../../arm-none-eabi/lib/thumb/v7e-m/nofp/libc_nano.a
END GROUP
START GROUP
LOAD /usr/share/gcc-arm-none-eabi-10.3-2021.10/bin/../lib/gcc/arm-none-eabi/10.3.1/thumb/v7e-m/nofp/libgcc.a
LOAD /usr/share/gcc-arm-none-eabi-10.3-2021.10/bin/../lib/gcc/arm-none-eabi/10.3.1/../../../../arm-none-eabi/lib/thumb/v7e-m/nofp/libc_nano.a
END GROUP
                0x0000000020020000                __stack = (ORIGIN (RAM) + LENGTH (RAM))
                0x0000000020020000                _estack = __stack
                0x0000000000000400                __Main_Stack_Size = 0x400
                [!provide]                        PROVIDE (_Main_Stack_Size = __Main_Stack_Size)
                0x000000002001fc00                __Main_Stack_Limit = (__stack - __Main_Stack_Size)
                [!provide]                        PROVIDE (_Main_Stack_Limit = __Main_Stack_Limit)
                0x0000000000000100                _Minimum_Stack_Size = 0x100
                0x000000002000014c                PROVIDE (_Heap_Begin = _end_noinit)
                0x000000002001fc00                PROVIDE (_Heap_Limit = (__stack - __Main_Stack_Size))

.isr_vector     0x0000000008000000      0x3e8
 FILL mask 0xff
                0x0000000008000000                __vectors_start = ABSOLUTE (.)
                0x0000000008000000                __vectors_start__ = ABSOLUTE (.)
 *(.isr_vector)
 .isr_vector    0x0000000008000000      0x188 ./system/src/cmsis/vectors_stm32f407xx.o
                0x0000000008000000                __isr_vectors
 *(.cfmconfig)
 *(.after_vectors .after_vectors.*)
 .after_vectors
                0x0000000008000188      0x130 ./system/src/newlib/startup.o
                0x0000000008000188                _start
 .after_vectors
                0x00000000080002b8      0x12c ./system/src/cortexm/exception-handlers.o
                0x00000000080002b8                Reset_Handler
                0x00000000080002be                NMI_Handler
                0x00000000080002c2                HardFault_Handler
                0x00000000080002d6                HardFault_Handler_C
                0x0000000008000334                MemManage_Handler
                0x0000000008000338                BusFault_Handler
                0x000000000800034c                BusFault_Handler_C
                0x0000000008000380                UsageFault_Handler
                0x0000000008000394                UsageFault_Handler_C
                0x00000000080003c8                SVC_Handler
                0x00000000080003cc                DebugMon_Handler
                0x00000000080003d0                PendSV_Handler
 .after_vectors
                0x00000000080003e4        0x4 ./system/src/cmsis/vectors_stm32f407xx.o
                0x00000000080003e4                RTC_Alarm_IRQHandler
                0x00000000080003e4                HASH_RNG_IRQHandler
                0x00000000080003e4                EXTI2_IRQHandler
                0x00000000080003e4                TIM8_CC_IRQHandler
                0x00000000080003e4                TIM1_CC_IRQHandler
                0x00000000080003e4                DMA2_Stream5_IRQHandler
                0x00000000080003e4                DMA1_Stream5_IRQHandler
                0x00000000080003e4                PVD_IRQHandler
                0x00000000080003e4                SDIO_IRQHandler
                0x00000000080003e4                TAMP_STAMP_IRQHandler
                0x00000000080003e4                CAN2_RX1_IRQHandler
                0x00000000080003e4                EXTI3_IRQHandler
                0x00000000080003e4                TIM8_TRG_COM_TIM14_IRQHandler
                0x00000000080003e4                TIM1_UP_TIM10_IRQHandler
                0x00000000080003e4                TIM8_UP_TIM13_IRQHandler
                0x00000000080003e4                I2C3_ER_IRQHandler
                0x00000000080003e4                EXTI0_IRQHandler
                0x00000000080003e4                I2C2_EV_IRQHandler
                0x00000000080003e4                DMA1_Stream2_IRQHandler
                0x00000000080003e4                CAN1_RX0_IRQHandler
                0x00000000080003e4                FPU_IRQHandler
                0x00000000080003e4                OTG_HS_WKUP_IRQHandler
                0x00000000080003e4                CAN2_SCE_IRQHandler
                0x00000000080003e4                DMA2_Stream2_IRQHandler
                0x00000000080003e4                SPI1_IRQHandler
                0x00000000080003e4                TIM6_DAC_IRQHandler
                0x00000000080003e4                TIM1_BRK_TIM9_IRQHandler
                0x00000000080003e4                DCMI_IRQHandler
                0x00000000080003e4                CAN2_RX0_IRQHandler
                0x00000000080003e4                DMA2_Stream3_IRQHandler
                0x00000000080003e4                USART6_IRQHandler
                0x00000000080003e4                USART3_IRQHandler
                0x00000000080003e4                CAN1_RX1_IRQHandler
                0x00000000080003e4                UART5_IRQHandler
                0x00000000080003e4                DMA2_Stream0_IRQHandler
                0x00000000080003e4                TIM4_IRQHandler
                0x00000000080003e4                I2C1_EV_IRQHandler
                0x00000000080003e4                DMA1_Stream6_IRQHandler
                0x00000000080003e4                DMA1_Stream1_IRQHandler
                0x00000000080003e4                UART4_IRQHandler
                0x00000000080003e4                TIM3_IRQHandler
                0x00000000080003e4                RCC_IRQHandler
                0x00000000080003e4                TIM8_BRK_TIM12_IRQHandler
                0x00000000080003e4                Default_Handler
                0x00000000080003e4                EXTI15_10_IRQHandler
                0x00000000080003e4                ADC_IRQHandler
                0x00000000080003e4                DMA1_Stream7_IRQHandler
                0x00000000080003e4                TIM7_IRQHandler
                0x00000000080003e4                CAN2_TX_IRQHandler
                0x00000000080003e4                TIM5_IRQHandler
                0x00000000080003e4                DMA2_Stream7_IRQHandler
                0x00000000080003e4                I2C3_EV_IRQHandler
                0x00000000080003e4                EXTI9_5_IRQHandler
                0x00000000080003e4                RTC_WKUP_IRQHandler
                0x00000000080003e4                ETH_WKUP_IRQHandler
                0x00000000080003e4                SPI2_IRQHandler
                0x00000000080003e4                OTG_HS_EP1_IN_IRQHandler
                0x00000000080003e4                DMA1_Stream0_IRQHandler
                0x00000000080003e4                CAN1_TX_IRQHandler
                0x00000000080003e4                EXTI4_IRQHandler
                0x00000000080003e4                ETH_IRQHandler
                0x00000000080003e4                OTG_HS_EP1_OUT_IRQHandler
                0x00000000080003e4                WWDG_IRQHandler
                0x00000000080003e4                TIM2_IRQHandler
                0x00000000080003e4                OTG_FS_WKUP_IRQHandler
                0x00000000080003e4                TIM1_TRG_COM_TIM11_IRQHandler
                0x00000000080003e4                OTG_HS_IRQHandler
                0x00000000080003e4                EXTI1_IRQHandler
                0x00000000080003e4                USART2_IRQHandler
                0x00000000080003e4                I2C2_ER_IRQHandler
                0x00000000080003e4                DMA2_Stream1_IRQHandler
                0x00000000080003e4                CAN1_SCE_IRQHandler
                0x00000000080003e4                FLASH_IRQHandler
                0x00000000080003e4                DMA2_Stream4_IRQHandler
                0x00000000080003e4                USART1_IRQHandler
                0x00000000080003e4                OTG_FS_IRQHandler
                0x00000000080003e4                SPI3_IRQHandler
                0x00000000080003e4                DMA1_Stream4_IRQHandler
                0x00000000080003e4                I2C1_ER_IRQHandler
                0x00000000080003e4                FMC_IRQHandler
                0x00000000080003e4                DMA2_Stream6_IRQHandler
                0x00000000080003e4                DMA1_Stream3_IRQHandler

.inits          0x00000000080003e8       0x28
                0x00000000080003e8                __data_regions_array_start = .
                0x00000000080003e8        0x4 LONG 0x8002628 LOADADDR (.data)
                0x00000000080003ec        0x4 LONG 0x20000000 ADDR (.data)
                0x00000000080003f0        0x4 LONG 0x200000a4 (ADDR (.data) + SIZEOF (.data))
                0x00000000080003f4        0x4 LONG 0x8002628 LOADADDR (.data_CCMRAM)
                0x00000000080003f8        0x4 LONG 0x10000000 ADDR (.data_CCMRAM)
                0x00000000080003fc        0x4 LONG 0x10000000 (ADDR (.data_CCMRAM) + SIZEOF (.data_CCMRAM))
                0x0000000008000400                __data_regions_array_end = .
                0x0000000008000400                __bss_regions_array_start = .
                0x0000000008000400        0x4 LONG 0x200000a4 ADDR (.bss)
                0x0000000008000404        0x4 LONG 0x2000014c (ADDR (.bss) + SIZEOF (.bss))
                0x0000000008000408        0x4 LONG 0x10000000 ADDR (.bss_CCMRAM)
                0x000000000800040c        0x4 LONG 0x10000000 (ADDR (.bss_CCMRAM) + SIZEOF (.bss_CCMRAM))
                0x0000000008000410                __bss_regions_array_end = .
 *(.init)
 *(.fini)
                0x0000000008000410                . = ALIGN (0x4)
                0x0000000008000410                PROVIDE (__preinit_array_start = .)
 *(.preinit_array_sysinit .preinit_array_sysinit.*)
 *(.preinit_array_platform .preinit_array_platform.*)
 *(.preinit_array .preinit_array.*)
                0x0000000008000410                PROVIDE (__preinit_array_end = .)
                0x0000000008000410                . = ALIGN (0x4)
                0x0000000008000410                PROVIDE (__init_array_start = .)
 *(SORT_BY_NAME(.init_array.*))
 *(.init_array)
                0x0000000008000410                PROVIDE (__init_array_end = .)
                0x0000000008000410                . = ALIGN (0x4)
                0x0000000008000410                PROVIDE (__fini_array_start = .)
 *(SORT_BY_NAME(.fini_array.*))
 *(.fini_array)
                0x0000000008000410                PROVIDE (__fini_array_end = .)

.flashtext
 *(.flashtext .flashtext.*)

.text           0x0000000008000410     0x220f
 *(.text .text.*)
 .text.HAL_InitTick
                0x0000000008000410       0x4c ./system/src/stm32f4-hal/stm32f4xx_hal.o
                0x0000000008000410                HAL_InitTick
 .text.HAL_Init
                0x000000000800045c       0x34 ./system/src/stm32f4-hal/stm32f4xx_hal.o
                0x000000000800045c                HAL_Init
 .text.HAL_IncTick
                0x0000000008000490       0x18 ./system/src/stm32f4-hal/stm32f4xx_hal.o
                0x0000000008000490                HAL_IncTick
 .text.HAL_GetTick
                0x00000000080004a8        0xc ./system/src/stm32f4-hal/stm32f4xx_hal.o
                0x00000000080004a8                HAL_GetTick
 .text.HAL_NVIC_SetPriorityGrouping
                0x00000000080004b4       0x3c ./system/src/stm32f4-hal/stm32f4xx_hal_cortex.o
                0x00000000080004b4                HAL_NVIC_SetPriorityGrouping
 .text.HAL_NVIC_SetPriority
                0x00000000080004f0       0x8c ./system/src/stm32f4-hal/stm32f4xx_hal_cortex.o
                0x00000000080004f0                HAL_NVIC_SetPriority
 .text.HAL_SYSTICK_Config
                0x000000000800057c       0x28 ./system/src/stm32f4-hal/stm32f4xx_hal_cortex.o
                0x000000000800057c                HAL_SYSTICK_Config
 .text.HAL_SYSTICK_CLKSourceConfig
                0x00000000080005a4       0x3c ./system/src/stm32f4-hal/stm32f4xx_hal_cortex.o
                0x00000000080005a4                HAL_SYSTICK_CLKSourceConfig
 .text.HAL_GPIO_Init
                0x00000000080005e0      0x2f4 ./system/src/stm32f4-hal/stm32f4xx_hal_gpio.o
                0x00000000080005e0                HAL_GPIO_Init
 .text.HAL_GPIO_WritePin
                0x00000000080008d4       0x38 ./system/src/stm32f4-hal/stm32f4xx_hal_gpio.o
                0x00000000080008d4                HAL_GPIO_WritePin
 .text.HAL_RCC_OscConfig
                0x000000000800090c      0x4f0 ./system/src/stm32f4-hal/stm32f4xx_hal_rcc.o
                0x000000000800090c                HAL_RCC_OscConfig
 .text.HAL_RCC_GetSysClockFreq
                0x0000000008000dfc       0xd4 ./system/src/stm32f4-hal/stm32f4xx_hal_rcc.o
                0x0000000008000dfc                HAL_RCC_GetSysClockFreq
 .text.HAL_RCC_ClockConfig
                0x0000000008000ed0      0x21c ./system/src/stm32f4-hal/stm32f4xx_hal_rcc.o
                0x0000000008000ed0                HAL_RCC_ClockConfig
 .text.HAL_RCC_GetHCLKFreq
                0x00000000080010ec        0xc ./system/src/stm32f4-hal/stm32f4xx_hal_rcc.o
                0x00000000080010ec                HAL_RCC_GetHCLKFreq
 .text._exit    0x00000000080010f8        0x2 ./system/src/newlib/exit.o
                0x00000000080010f8                _exit
 *fill*         0x00000000080010fa        0x2 
 .text._sbrk    0x00000000080010fc       0x44 ./system/src/newlib/sbrk.o
                0x00000000080010fc                _sbrk
 .text.__initialize_args
                0x0000000008001140       0x10 ./system/src/newlib/syscalls.o
                0x0000000008001140                __initialize_args
 .text._trace_write_semihosting_debug
                0x0000000008001150       0x62 ./system/src/diag/trace-impl.o
 .text.trace_write
                0x00000000080011b2        0x8 ./system/src/diag/trace-impl.o
                0x00000000080011b2                trace_write
 *fill*         0x00000000080011ba        0x2 
 .text.trace_printf
                0x00000000080011bc       0x34 ./system/src/diag/trace.o
                0x00000000080011bc                trace_printf
 .text.trace_puts
                0x00000000080011f0       0x20 ./system/src/diag/trace.o
                0x00000000080011f0                trace_puts
 .text.dumpExceptionStack
                0x0000000008001210       0xf4 ./system/src/cortexm/exception-handlers.o
                0x0000000008001210                dumpExceptionStack
 .text.isSemihosting
                0x0000000008001304       0x20 ./system/src/cortexm/exception-handlers.o
                0x0000000008001304                isSemihosting
 .text.__initialize_hardware_early
                0x0000000008001324       0x18 ./system/src/cortexm/initialize-hardware.o
                0x0000000008001324                __initialize_hardware_early
 .text.SystemInit
                0x000000000800133c       0x10 ./system/src/cmsis/system_stm32f4xx.o
                0x000000000800133c                SystemInit
 .text.SystemCoreClockUpdate
                0x000000000800134c       0xa0 ./system/src/cmsis/system_stm32f4xx.o
                0x000000000800134c                SystemCoreClockUpdate
 .text.SystemClock_Config
                0x00000000080013ec       0xa0 ./src/initialize-hardware.o
                0x00000000080013ec                SystemClock_Config
 .text.__initialize_hardware
                0x000000000800148c       0x10 ./src/initialize-hardware.o
                0x000000000800148c                __initialize_hardware
 .text.assert_failed
                0x000000000800149c       0x14 ./src/initialize-hardware.o
                0x000000000800149c                assert_failed
 .text.blink_led_on
                0x00000000080014b0       0x14 ./src/led.o
                0x00000000080014b0                blink_led_on
 .text.blink_led_off
                0x00000000080014c4       0x14 ./src/led.o
                0x00000000080014c4                blink_led_off
 .text.blink_led_init
                0x00000000080014d8       0x38 ./src/led.o
                0x00000000080014d8                blink_led_init
 .text.main     0x0000000008001510       0xa8 ./src/main.o
                0x0000000008001510                main
 .text.HAL_MspInit
                0x00000000080015b8        0x2 ./src/stm32f4xx_hal_msp.o
                0x00000000080015b8                HAL_MspInit
 *fill*         0x00000000080015ba        0x2 
 .text.timer_start
                0x00000000080015bc       0x38 ./src/timer.o
                0x00000000080015bc                timer_start
 .text.timer_sleep
                0x00000000080015f4       0x14 ./src/timer.o
                0x00000000080015f4                timer_sleep
 .text.timer_tick
                0x0000000008001608       0x14 ./src/timer.o
                0x0000000008001608                timer_tick
 .text.SysTick_Handler
                0x000000000800161c        0xc ./src/timer.o
                0x000000000800161c                SysTick_Handler
 .text          0x0000000008001628       0x30 /usr/share/gcc-arm-none-eabi-10.3-2021.10/bin/../lib/gcc/arm-none-eabi/10.3.1/thumb/v7e-m/nofp/libgcc.a(_aeabi_uldivmod.o)
                0x0000000008001628                __aeabi_uldivmod
 .text          0x0000000008001658      0x2d0 /usr/share/gcc-arm-none-eabi-10.3-2021.10/bin/../lib/gcc/arm-none-eabi/10.3.1/thumb/v7e-m/nofp/libgcc.a(_udivmoddi4.o)
                0x0000000008001658                __udivmoddi4
 .text          0x0000000008001928        0x4 /usr/share/gcc-arm-none-eabi-10.3-2021.10/bin/../lib/gcc/arm-none-eabi/10.3.1/thumb/v7e-m/nofp/libgcc.a(_dvmd_tls.o)
                0x0000000008001928                __aeabi_ldiv0
                0x0000000008001928                __aeabi_idiv0
 .text.__errno  0x000000000800192c        0xc /usr/share/gcc-arm-none-eabi-10.3-2021.10/bin/../lib/gcc/arm-none-eabi/10.3.1/../../../../arm-none-eabi/lib/thumb/v7e-m/nofp/libg_nano.a(lib_a-errno.o)
                0x000000000800192c                __errno
 .text          0x0000000008001938       0x10 /usr/share/gcc-arm-none-eabi-10.3-2021.10/bin/../lib/gcc/arm-none-eabi/10.3.1/../../../../arm-none-eabi/lib/thumb/v7e-m/nofp/libg_nano.a(lib_a-strlen.o)
                0x0000000008001938                strlen
 .text._vsnprintf_r
                0x0000000008001948       0x56 /usr/share/gcc-arm-none-eabi-10.3-2021.10/bin/../lib/gcc/arm-none-eabi/10.3.1/../../../../arm-none-eabi/lib/thumb/v7e-m/nofp/libg_nano.a(lib_a-vsnprintf.o)
                0x0000000008001948                _vsnprintf_r
                0x0000000008001948                _vsniprintf_r
 *fill*         0x000000000800199e        0x2 
 .text.vsnprintf
                0x00000000080019a0       0x1c /usr/share/gcc-arm-none-eabi-10.3-2021.10/bin/../lib/gcc/arm-none-eabi/10.3.1/../../../../arm-none-eabi/lib/thumb/v7e-m/nofp/libg_nano.a(lib_a-vsnprintf.o)
                0x00000000080019a0                vsnprintf
                0x00000000080019a0                vsniprintf
 .text.__ssputs_r
                0x00000000080019bc       0xb6 /usr/share/gcc-arm-none-eabi-10.3-2021.10/bin/../lib/gcc/arm-none-eabi/10.3.1/../../../../arm-none-eabi/lib/thumb/v7e-m/nofp/libg_nano.a(lib_a-nano-svfprintf.o)
                0x00000000080019bc                __ssputs_r
 *fill*         0x0000000008001a72        0x2 
 .text._svfprintf_r
                0x0000000008001a74      0x200 /usr/share/gcc-arm-none-eabi-10.3-2021.10/bin/../lib/gcc/arm-none-eabi/10.3.1/../../../../arm-none-eabi/lib/thumb/v7e-m/nofp/libg_nano.a(lib_a-nano-svfprintf.o)
                0x0000000008001a74                _svfprintf_r
                0x0000000008001a74                _svfiprintf_r
 .text._printf_common
                0x0000000008001c74       0xda /usr/share/gcc-arm-none-eabi-10.3-2021.10/bin/../lib/gcc/arm-none-eabi/10.3.1/../../../../arm-none-eabi/lib/thumb/v7e-m/nofp/libg_nano.a(lib_a-nano-vfprintf_i.o)
                0x0000000008001c74                _printf_common
 *fill*         0x0000000008001d4e        0x2 
 .text._printf_i
                0x0000000008001d50      0x24c /usr/share/gcc-arm-none-eabi-10.3-2021.10/bin/../lib/gcc/arm-none-eabi/10.3.1/../../../../arm-none-eabi/lib/thumb/v7e-m/nofp/libg_nano.a(lib_a-nano-vfprintf_i.o)
                0x0000000008001d50                _printf_i
 *fill*         0x0000000008001f9c        0x4 
 .text          0x0000000008001fa0       0xa0 /usr/share/gcc-arm-none-eabi-10.3-2021.10/bin/../lib/gcc/arm-none-eabi/10.3.1/../../../../arm-none-eabi/lib/thumb/v7e-m/nofp/libg_nano.a(lib_a-memchr.o)
                0x0000000008001fa0                memchr
 .text.memcpy   0x0000000008002040       0x1c /usr/share/gcc-arm-none-eabi-10.3-2021.10/bin/../lib/gcc/arm-none-eabi/10.3.1/../../../../arm-none-eabi/lib/thumb/v7e-m/nofp/libg_nano.a(lib_a-memcpy-stub.o)
                0x0000000008002040                memcpy
 .text.memmove  0x000000000800205c       0x34 /usr/share/gcc-arm-none-eabi-10.3-2021.10/bin/../lib/gcc/arm-none-eabi/10.3.1/../../../../arm-none-eabi/lib/thumb/v7e-m/nofp/libg_nano.a(lib_a-memmove.o)
                0x000000000800205c                memmove
 .text._free_r  0x0000000008002090       0x94 /usr/share/gcc-arm-none-eabi-10.3-2021.10/bin/../lib/gcc/arm-none-eabi/10.3.1/../../../../arm-none-eabi/lib/thumb/v7e-m/nofp/libg_nano.a(lib_a-nano-freer.o)
                0x0000000008002090                _free_r
 .text.sbrk_aligned
                0x0000000008002124       0x40 /usr/share/gcc-arm-none-eabi-10.3-2021.10/bin/../lib/gcc/arm-none-eabi/10.3.1/../../../../arm-none-eabi/lib/thumb/v7e-m/nofp/libg_nano.a(lib_a-nano-mallocr.o)
 .text._malloc_r
                0x0000000008002164       0xe8 /usr/share/gcc-arm-none-eabi-10.3-2021.10/bin/../lib/gcc/arm-none-eabi/10.3.1/../../../../arm-none-eabi/lib/thumb/v7e-m/nofp/libg_nano.a(lib_a-nano-mallocr.o)
                0x0000000008002164                _malloc_r
 .text._realloc_r
                0x000000000800224c       0x5e /usr/share/gcc-arm-none-eabi-10.3-2021.10/bin/../lib/gcc/arm-none-eabi/10.3.1/../../../../arm-none-eabi/lib/thumb/v7e-m/nofp/libg_nano.a(lib_a-nano-reallocr.o)
                0x000000000800224c                _realloc_r
 *fill*         0x00000000080022aa        0x2 
 .text._sbrk_r  0x00000000080022ac       0x20 /usr/share/gcc-arm-none-eabi-10.3-2021.10/bin/../lib/gcc/arm-none-eabi/10.3.1/../../../../arm-none-eabi/lib/thumb/v7e-m/nofp/libg_nano.a(lib_a-sbrkr.o)
                0x00000000080022ac                _sbrk_r
 .text.__malloc_lock
                0x00000000080022cc        0xc /usr/share/gcc-arm-none-eabi-10.3-2021.10/bin/../lib/gcc/arm-none-eabi/10.3.1/../../../../arm-none-eabi/lib/thumb/v7e-m/nofp/libg_nano.a(lib_a-mlock.o)
                0x00000000080022cc                __malloc_lock
 .text.__malloc_unlock
                0x00000000080022d8        0xc /usr/share/gcc-arm-none-eabi-10.3-2021.10/bin/../lib/gcc/arm-none-eabi/10.3.1/../../../../arm-none-eabi/lib/thumb/v7e-m/nofp/libg_nano.a(lib_a-mlock.o)
                0x00000000080022d8                __malloc_unlock
 .text._malloc_usable_size_r
                0x00000000080022e4       0x10 /usr/share/gcc-arm-none-eabi-10.3-2021.10/bin/../lib/gcc/arm-none-eabi/10.3.1/../../../../arm-none-eabi/lib/thumb/v7e-m/nofp/libg_nano.a(lib_a-nano-msizer.o)
                0x00000000080022e4                _malloc_usable_size_r
 .text.__retarget_lock_acquire_recursive
                0x00000000080022f4        0x2 /usr/share/gcc-arm-none-eabi-10.3-2021.10/bin/../lib/gcc/arm-none-eabi/10.3.1/../../../../arm-none-eabi/lib/thumb/v7e-m/nofp/libg_nano.a(lib_a-lock.o)
                0x00000000080022f4                __retarget_lock_acquire_recursive
 .text.__retarget_lock_release_recursive
                0x00000000080022f6        0x2 /usr/share/gcc-arm-none-eabi-10.3-2021.10/bin/../lib/gcc/arm-none-eabi/10.3.1/../../../../arm-none-eabi/lib/thumb/v7e-m/nofp/libg_nano.a(lib_a-lock.o)
                0x00000000080022f6                __retarget_lock_release_recursive
 *(.rodata .rodata.* .constdata .constdata.*)
 .rodata.HAL_NVIC_SetPriorityGrouping.str1.4
                0x00000000080022f8       0x31 ./system/src/stm32f4-hal/stm32f4xx_hal_cortex.o
 *fill*         0x0000000008002329        0x3 
 .rodata.HAL_GPIO_Init.str1.4
                0x000000000800232c       0x2f ./system/src/stm32f4-hal/stm32f4xx_hal_gpio.o
 *fill*         0x000000000800235b        0x1 
 .rodata.HAL_RCC_OscConfig.str1.4
                0x000000000800235c       0x2e ./system/src/stm32f4-hal/stm32f4xx_hal_rcc.o
 .rodata.trace_puts.str1.4
                0x000000000800238a       0x2e ./system/src/diag/trace.o
                                          0x2 (size before relaxing)
 *fill*         0x000000000800238a        0x2 
 .rodata.dumpExceptionStack.str1.4
                0x000000000800238c      0x11a ./system/src/cortexm/exception-handlers.o
 *fill*         0x00000000080024a6        0x2 
 .rodata.str1.4
                0x00000000080024a8       0x2a ./system/src/cortexm/exception-handlers.o
 *fill*         0x00000000080024d2        0x2 
 .rodata.AHBPrescTable
                0x00000000080024d4       0x10 ./system/src/cmsis/system_stm32f4xx.o
                0x00000000080024d4                AHBPrescTable
 .rodata.assert_failed.str1.4
                0x00000000080024e4       0x2d ./src/initialize-hardware.o
 *fill*         0x0000000008002511        0x3 
 .rodata.main.str1.4
                0x0000000008002514       0xd8 ./src/main.o
 .rodata._svfprintf_r.str1.1
                0x00000000080025ec       0x11 /usr/share/gcc-arm-none-eabi-10.3-2021.10/bin/../lib/gcc/arm-none-eabi/10.3.1/../../../../arm-none-eabi/lib/thumb/v7e-m/nofp/libg_nano.a(lib_a-nano-svfprintf.o)
 .rodata._printf_i.str1.1
                0x00000000080025fd       0x22 /usr/share/gcc-arm-none-eabi-10.3-2021.10/bin/../lib/gcc/arm-none-eabi/10.3.1/../../../../arm-none-eabi/lib/thumb/v7e-m/nofp/libg_nano.a(lib_a-nano-vfprintf_i.o)
 *(vtable)
 *(.eh_frame*)
 *(.glue_7)
 .glue_7        0x000000000800261f        0x0 linker stubs
 *(.glue_7t)
 .glue_7t       0x000000000800261f        0x0 linker stubs

.vfp11_veneer   0x0000000008002620        0x0
 .vfp11_veneer  0x0000000008002620        0x0 linker stubs

.v4_bx          0x0000000008002620        0x0
 .v4_bx         0x0000000008002620        0x0 linker stubs

.iplt           0x0000000008002620        0x0
 .iplt          0x0000000008002620        0x0 ./system/src/stm32f4-hal/stm32f4xx_hal.o

.ARM.extab
 *(.ARM.extab* .gnu.linkonce.armextab.*)
                0x0000000008002620                . = ALIGN (0x4)
                0x0000000008002620                __exidx_start = .

.ARM.exidx      0x0000000008002620        0x8
 *(.ARM.exidx* .gnu.linkonce.armexidx.*)
 .ARM.exidx     0x0000000008002620        0x8 /usr/share/gcc-arm-none-eabi-10.3-2021.10/bin/../lib/gcc/arm-none-eabi/10.3.1/thumb/v7e-m/nofp/libgcc.a(_udivmoddi4.o)
                0x0000000008002628                __exidx_end = .

.rel.dyn        0x0000000008002628        0x0
 .rel.iplt      0x0000000008002628        0x0 ./system/src/stm32f4-hal/stm32f4xx_hal.o
                0x0000000008002628                . = ALIGN (0x4)
                0x0000000008002628                _etext = .
                0x0000000008002628                __etext = .

.data_CCMRAM    0x0000000010000000        0x0 load address 0x0000000008002628
 FILL mask 0xff
 *(.data.CCMRAM .data.CCMRAM.*)
                0x0000000010000000                . = ALIGN (0x4)
                0x0000000008002628                _sidata = LOADADDR (.data)

.data           0x0000000020000000       0xa4 load address 0x0000000008002628
 FILL mask 0xff
                0x0000000020000000                _sdata = .
                0x0000000020000000                __data_start__ = .
 *(.data_begin .data_begin.*)
 .data_begin    0x0000000020000000        0x4 ./system/src/newlib/startup.o
 *(.data .data.*)
 .data.uwTickFreq
                0x0000000020000004        0x1 ./system/src/stm32f4-hal/stm32f4xx_hal.o
                0x0000000020000004                uwTickFreq
 *fill*         0x0000000020000005        0x3 ff
 .data.uwTickPrio
                0x0000000020000008        0x4 ./system/src/stm32f4-hal/stm32f4xx_hal.o
                0x0000000020000008                uwTickPrio
 .data.argv.1   0x000000002000000c        0x8 ./system/src/newlib/syscalls.o
 .data.SystemCoreClock
                0x0000000020000014        0x4 ./system/src/cmsis/system_stm32f4xx.o
                0x0000000020000014                SystemCoreClock
 .data.temperature
                0x0000000020000018       0x24 ./src/main.o
                0x0000000020000018                temperature
 .data._impure_ptr
                0x000000002000003c        0x4 /usr/share/gcc-arm-none-eabi-10.3-2021.10/bin/../lib/gcc/arm-none-eabi/10.3.1/../../../../arm-none-eabi/lib/thumb/v7e-m/nofp/libg_nano.a(lib_a-impure.o)
                0x000000002000003c                _impure_ptr
 .data.impure_data
                0x0000000020000040       0x60 /usr/share/gcc-arm-none-eabi-10.3-2021.10/bin/../lib/gcc/arm-none-eabi/10.3.1/../../../../arm-none-eabi/lib/thumb/v7e-m/nofp/libg_nano.a(lib_a-impure.o)
 *(.data_end .data_end.*)
 .data_end      0x00000000200000a0        0x4 ./system/src/newlib/startup.o
                0x00000000200000a4                . = ALIGN (0x4)
                0x00000000200000a4                _edata = .
                0x00000000200000a4                __data_end__ = .

.igot.plt       0x00000000200000a4        0x0 load address 0x00000000080026cc
 .igot.plt      0x00000000200000a4        0x0 ./system/src/stm32f4-hal/stm32f4xx_hal.o

.bss_CCMRAM     0x0000000010000000        0x0
 *(.bss.CCMRAM .bss.CCMRAM.*)

.bss            0x00000000200000a4       0xa8
                0x00000000200000a4                __bss_start__ = .
                0x00000000200000a4                _sbss = .
 *(.bss_begin .bss_begin.*)
 .bss_begin     0x00000000200000a4        0x4 ./system/src/newlib/startup.o
 *(.bss .bss.*)
 .bss.uwTick    0x00000000200000a8        0x4 ./system/src/stm32f4-hal/stm32f4xx_hal.o
                0x00000000200000a8                uwTick
 .bss.current_heap_end.0
                0x00000000200000ac        0x4 ./system/src/newlib/sbrk.o
 .bss.errno     0x00000000200000b0        0x4 ./system/src/newlib/syscalls.o
                0x00000000200000b0                errno
 .bss.name.0    0x00000000200000b4        0x1 ./system/src/newlib/syscalls.o
 *fill*         0x00000000200000b5        0x3 
 .bss.buf.0     0x00000000200000b8       0x80 ./system/src/diag/trace.o
 .bss.timer_delayCount
                0x0000000020000138        0x4 ./src/timer.o
                0x0000000020000138                timer_delayCount
 .bss.__malloc_free_list
                0x000000002000013c        0x4 /usr/share/gcc-arm-none-eabi-10.3-2021.10/bin/../lib/gcc/arm-none-eabi/10.3.1/../../../../arm-none-eabi/lib/thumb/v7e-m/nofp/libg_nano.a(lib_a-nano-mallocr.o)
                0x000000002000013c                __malloc_free_list
 .bss.__malloc_sbrk_start
                0x0000000020000140        0x4 /usr/share/gcc-arm-none-eabi-10.3-2021.10/bin/../lib/gcc/arm-none-eabi/10.3.1/../../../../arm-none-eabi/lib/thumb/v7e-m/nofp/libg_nano.a(lib_a-nano-mallocr.o)
                0x0000000020000140                __malloc_sbrk_start
 .bss.__lock___malloc_recursive_mutex
                0x0000000020000144        0x1 /usr/share/gcc-arm-none-eabi-10.3-2021.10/bin/../lib/gcc/arm-none-eabi/10.3.1/../../../../arm-none-eabi/lib/thumb/v7e-m/nofp/libg_nano.a(lib_a-lock.o)
                0x0000000020000144                __lock___malloc_recursive_mutex
 *(COMMON)
 *(.bss_end .bss_end.*)
 *fill*         0x0000000020000145        0x3 
 .bss_end       0x0000000020000148        0x4 ./system/src/newlib/startup.o
                0x000000002000014c                . = ALIGN (0x4)
                0x000000002000014c                __bss_end__ = .
                0x000000002000014c                _ebss = .

.noinit_CCMRAM
 *(.noinit.CCMRAM .noinit.CCMRAM.*)

.noinit         0x000000002000014c        0x0
                0x000000002000014c                _noinit = .
 *(.noinit .noinit.*)
                0x000000002000014c                . = ALIGN (0x4)
                0x000000002000014c                _end_noinit = .
                [!provide]                        PROVIDE (end = _end_noinit)
                [!provide]                        PROVIDE (_end = _end_noinit)
                [!provide]                        PROVIDE (__end = _end_noinit)
                [!provide]                        PROVIDE (__end__ = _end_noinit)

._check_stack   0x000000002000014c      0x100
                0x000000002000024c                . = (. + _Minimum_Stack_Size)
 *fill*         0x000000002000014c      0x100 

.b1text
 *(.b1text)
 *(.b1rodata)
 *(.b1rodata.*)

.eb0text
 *(.eb0text)
 *(.eb0rodata)
 *(.eb0rodata.*)

.eb1text
 *(.eb1text)
 *(.eb1rodata)
 *(.eb1rodata.*)

.eb2text
 *(.eb2text)
 *(.eb2rodata)
 *(.eb2rodata.*)

.eb3text
 *(.eb3text)
 *(.eb3rodata)
 *(.eb3rodata.*)

.stab
 *(.stab)

.stabstr
 *(.stabstr)

.stab.excl
 *(.stab.excl)

.stab.exclstr
 *(.stab.exclstr)

.stab.index
 *(.stab.index)

.stab.indexstr
 *(.stab.indexstr)

.comment        0x0000000000000000       0x49
 *(.comment)
 .comment       0x0000000000000000       0x49 ./system/src/stm32f4-hal/stm32f4xx_hal.o
                                         0x4a (size before relaxing)
 .comment       0x0000000000000049       0x4a ./system/src/stm32f4-hal/stm32f4xx_hal_cortex.o
 .comment       0x0000000000000049       0x4a ./system/src/stm32f4-hal/stm32f4xx_hal_gpio.o
 .comment       0x0000000000000049       0x4a ./system/src/stm32f4-hal/stm32f4xx_hal_rcc.o
 .comment       0x0000000000000049       0x4a ./system/src/newlib/exit.o
 .comment       0x0000000000000049       0x4a ./system/src/newlib/sbrk.o
 .comment       0x0000000000000049       0x4a ./system/src/newlib/startup.o
 .comment       0x0000000000000049       0x4a ./system/src/newlib/syscalls.o
 .comment       0x0000000000000049       0x4a ./system/src/diag/trace-impl.o
 .comment       0x0000000000000049       0x4a ./system/src/diag/trace.o
 .comment       0x0000000000000049       0x4a ./system/src/cortexm/exception-handlers.o
 .comment       0x0000000000000049       0x4a ./system/src/cortexm/initialize-hardware.o
 .comment       0x0000000000000049       0x4a ./system/src/cmsis/system_stm32f4xx.o
 .comment       0x0000000000000049       0x4a ./system/src/cmsis/vectors_stm32f407xx.o
 .comment       0x0000000000000049       0x4a ./src/initialize-hardware.o
 .comment       0x0000000000000049       0x4a ./src/led.o
 .comment       0x0000000000000049       0x4a ./src/main.o
 .comment       0x0000000000000049       0x4a ./src/stm32f4xx_hal_msp.o
 .comment       0x0000000000000049       0x4a ./src/timer.o

.ARM.attributes
                0x0000000000000000       0x2c
 .ARM.attributes
                0x0000000000000000       0x2e ./system/src/stm32f4-hal/stm32f4xx_hal.o
 .ARM.attributes
                0x000000000000002e       0x2e ./system/src/stm32f4-hal/stm32f4xx_hal_cortex.o
 .ARM.attributes
                0x000000000000005c       0x2e ./system/src/stm32f4-hal/stm32f4xx_hal_gpio.o
 .ARM.attributes
                0x000000000000008a       0x2e ./system/src/stm32f4-hal/stm32f4xx_hal_rcc.o
 .ARM.attributes
                0x00000000000000b8       0x2e ./system/src/newlib/exit.o
 .ARM.attributes
                0x00000000000000e6       0x2e ./system/src/newlib/sbrk.o
 .ARM.attributes
                0x0000000000000114       0x2e ./system/src/newlib/startup.o
 .ARM.attributes
                0x0000000000000142       0x2e ./system/src/newlib/syscalls.o
 .ARM.attributes
                0x0000000000000170       0x2e ./system/src/diag/trace-impl.o
 .ARM.attributes
                0x000000000000019e       0x2e ./system/src/diag/trace.o
 .ARM.attributes
                0x00000000000001cc       0x2e ./system/src/cortexm/exception-handlers.o
 .ARM.attributes
                0x00000000000001fa       0x2e ./system/src/cortexm/initialize-hardware.o
 .ARM.attributes
                0x0000000000000228       0x2e ./system/src/cmsis/system_stm32f4xx.o
 .ARM.attributes
                0x0000000000000256       0x2e ./system/src/cmsis/vectors_stm32f407xx.o
 .ARM.attributes
                0x0000000000000284       0x2e ./src/initialize-hardware.o
 .ARM.attributes
                0x00000000000002b2       0x2e ./src/led.o
 .ARM.attributes
                0x00000000000002e0       0x2e ./src/main.o
 .ARM.attributes
                0x000000000000030e       0x2e ./src/stm32f4xx_hal_msp.o
 .ARM.attributes
                0x000000000000033c       0x2e ./src/timer.o
 .ARM.attributes
                0x000000000000036a       0x1e /usr/share/gcc-arm-none-eabi-10.3-2021.10/bin/../lib/gcc/arm-none-eabi/10.3.1/thumb/v7e-m/nofp/libgcc.a(_aeabi_uldivmod.o)
 .ARM.attributes
                0x0000000000000388       0x2e /usr/share/gcc-arm-none-eabi-10.3-2021.10/bin/../lib/gcc/arm-none-eabi/10.3.1/thumb/v7e-m/nofp/libgcc.a(_udivmoddi4.o)
 .ARM.attributes
                0x00000000000003b6       0x1e /usr/share/gcc-arm-none-eabi-10.3-2021.10/bin/../lib/gcc/arm-none-eabi/10.3.1/thumb/v7e-m/nofp/libgcc.a(_dvmd_tls.o)
 .ARM.attributes
                0x00000000000003d4       0x2e /usr/share/gcc-arm-none-eabi-10.3-2021.10/bin/../lib/gcc/arm-none-eabi/10.3.1/../../../../arm-none-eabi/lib/thumb/v7e-m/nofp/libg_nano.a(lib_a-errno.o)
 .ARM.attributes
                0x0000000000000402       0x2e /usr/share/gcc-arm-none-eabi-10.3-2021.10/bin/../lib/gcc/arm-none-eabi/10.3.1/../../../../arm-none-eabi/lib/thumb/v7e-m/nofp/libg_nano.a(lib_a-impure.o)
 .ARM.attributes
                0x0000000000000430       0x17 /usr/share/gcc-arm-none-eabi-10.3-2021.10/bin/../lib/gcc/arm-none-eabi/10.3.1/../../../../arm-none-eabi/lib/thumb/v7e-m/nofp/libg_nano.a(lib_a-strlen.o)
 .ARM.attributes
                0x0000000000000447       0x2e /usr/share/gcc-arm-none-eabi-10.3-2021.10/bin/../lib/gcc/arm-none-eabi/10.3.1/../../../../arm-none-eabi/lib/thumb/v7e-m/nofp/libg_nano.a(lib_a-vsnprintf.o)
 .ARM.attributes
                0x0000000000000475       0x2e /usr/share/gcc-arm-none-eabi-10.3-2021.10/bin/../lib/gcc/arm-none-eabi/10.3.1/../../../../arm-none-eabi/lib/thumb/v7e-m/nofp/libg_nano.a(lib_a-nano-svfprintf.o)
 .ARM.attributes
                0x00000000000004a3       0x2e /usr/share/gcc-arm-none-eabi-10.3-2021.10/bin/../lib/gcc/arm-none-eabi/10.3.1/../../../../arm-none-eabi/lib/thumb/v7e-m/nofp/libg_nano.a(lib_a-nano-vfprintf_i.o)
 .ARM.attributes
                0x00000000000004d1       0x1c /usr/share/gcc-arm-none-eabi-10.3-2021.10/bin/../lib/gcc/arm-none-eabi/10.3.1/../../../../arm-none-eabi/lib/thumb/v7e-m/nofp/libg_nano.a(lib_a-memchr.o)
 .ARM.attributes
                0x00000000000004ed       0x2e /usr/share/gcc-arm-none-eabi-10.3-2021.10/bin/../lib/gcc/arm-none-eabi/10.3.1/../../../../arm-none-eabi/lib/thumb/v7e-m/nofp/libg_nano.a(lib_a-memcpy-stub.o)
 .ARM.attributes
                0x000000000000051b       0x2e /usr/share/gcc-arm-none-eabi-10.3-2021.10/bin/../lib/gcc/arm-none-eabi/10.3.1/../../../../arm-none-eabi/lib/thumb/v7e-m/nofp/libg_nano.a(lib_a-memmove.o)
 .ARM.attributes
                0x0000000000000549       0x2e /usr/share/gcc-arm-none-eabi-10.3-2021.10/bin/../lib/gcc/arm-none-eabi/10.3.1/../../../../arm-none-eabi/lib/thumb/v7e-m/nofp/libg_nano.a(lib_a-nano-freer.o)
 .ARM.attributes
                0x0000000000000577       0x2e /usr/share/gcc-arm-none-eabi-10.3-2021.10/bin/../lib/gcc/arm-none-eabi/10.3.1/../../../../arm-none-eabi/lib/thumb/v7e-m/nofp/libg_nano.a(lib_a-nano-mallocr.o)
 .ARM.attributes
                0x00000000000005a5       0x2e /usr/share/gcc-arm-none-eabi-10.3-2021.10/bin/../lib/gcc/arm-none-eabi/10.3.1/../../../../arm-none-eabi/lib/thumb/v7e-m/nofp/libg_nano.a(lib_a-nano-reallocr.o)
 .ARM.attributes
                0x00000000000005d3       0x2e /usr/share/gcc-arm-none-eabi-10.3-2021.10/bin/../lib/gcc/arm-none-eabi/10.3.1/../../../../arm-none-eabi/lib/thumb/v7e-m/nofp/libg_nano.a(lib_a-sbrkr.o)
 .ARM.attributes
                0x0000000000000601       0x2e /usr/share/gcc-arm-none-eabi-10.3-2021.10/bin/../lib/gcc/arm-none-eabi/10.3.1/../../../../arm-none-eabi/lib/thumb/v7e-m/nofp/libg_nano.a(lib_a-mlock.o)
 .ARM.attributes
                0x000000000000062f       0x2e /usr/share/gcc-arm-none-eabi-10.3-2021.10/bin/../lib/gcc/arm-none-eabi/10.3.1/../../../../arm-none-eabi/lib/thumb/v7e-m/nofp/libg_nano.a(lib_a-nano-msizer.o)
 .ARM.attributes
                0x000000000000065d       0x2e /usr/share/gcc-arm-none-eabi-10.3-2021.10/bin/../lib/gcc/arm-none-eabi/10.3.1/../../../../arm-none-eabi/lib/thumb/v7e-m/nofp/libg_nano.a(lib_a-lock.o)

.debug
 *(.debug)

.line
 *(.line)

.debug_srcinfo
 *(.debug_srcinfo)

.debug_sfnames
 *(.debug_sfnames)

.debug_aranges  0x0000000000000000      0x588
 *(.debug_aranges)
 .debug_aranges
                0x0000000000000000       0xf0 ./system/src/stm32f4-hal/stm32f4xx_hal.o
 .debug_aranges
                0x00000000000000f0       0xa8 ./system/src/stm32f4-hal/stm32f4xx_hal_cortex.o
 .debug_aranges
                0x0000000000000198       0x58 ./system/src/stm32f4-hal/stm32f4xx_hal_gpio.o
 .debug_aranges
                0x00000000000001f0       0x88 ./system/src/stm32f4-hal/stm32f4xx_hal_rcc.o
 .debug_aranges
                0x0000000000000278       0x28 ./system/src/newlib/exit.o
 .debug_aranges
                0x00000000000002a0       0x20 ./system/src/newlib/sbrk.o
 .debug_aranges
                0x00000000000002c0       0x40 ./system/src/newlib/startup.o
 .debug_aranges
                0x0000000000000300       0x30 ./system/src/newlib/syscalls.o
 .debug_aranges
                0x0000000000000330       0x30 ./system/src/diag/trace-impl.o
 .debug_aranges
                0x0000000000000360       0x38 ./system/src/diag/trace.o
 .debug_aranges
                0x0000000000000398       0x90 ./system/src/cortexm/exception-handlers.o
 .debug_aranges
                0x0000000000000428       0x28 ./system/src/cortexm/initialize-hardware.o
 .debug_aranges
                0x0000000000000450       0x28 ./system/src/cmsis/system_stm32f4xx.o
 .debug_aranges
                0x0000000000000478       0x20 ./system/src/cmsis/vectors_stm32f407xx.o
 .debug_aranges
                0x0000000000000498       0x30 ./src/initialize-hardware.o
 .debug_aranges
                0x00000000000004c8       0x30 ./src/led.o
 .debug_aranges
                0x00000000000004f8       0x20 ./src/main.o
 .debug_aranges
                0x0000000000000518       0x38 ./src/stm32f4xx_hal_msp.o
 .debug_aranges
                0x0000000000000550       0x38 ./src/timer.o

.debug_pubnames
 *(.debug_pubnames)

.debug_info     0x0000000000000000     0x6992
 *(.debug_info .gnu.linkonce.wi.*)
 .debug_info    0x0000000000000000      0xa1f ./system/src/stm32f4-hal/stm32f4xx_hal.o
 .debug_info    0x0000000000000a1f     0x1310 ./system/src/stm32f4-hal/stm32f4xx_hal_cortex.o
 .debug_info    0x0000000000001d2f      0x90c ./system/src/stm32f4-hal/stm32f4xx_hal_gpio.o
 .debug_info    0x000000000000263b      0xd72 ./system/src/stm32f4-hal/stm32f4xx_hal_rcc.o
 .debug_info    0x00000000000033ad       0xf2 ./system/src/newlib/exit.o
 .debug_info    0x000000000000349f      0x112 ./system/src/newlib/sbrk.o
 .debug_info    0x00000000000035b1      0x573 ./system/src/newlib/startup.o
 .debug_info    0x0000000000003b24      0x1d5 ./system/src/newlib/syscalls.o
 .debug_info    0x0000000000003cf9      0x320 ./system/src/diag/trace-impl.o
 .debug_info    0x0000000000004019      0x30b ./system/src/diag/trace.o
 .debug_info    0x0000000000004324      0x983 ./system/src/cortexm/exception-handlers.o
 .debug_info    0x0000000000004ca7      0x2b3 ./system/src/cortexm/initialize-hardware.o
 .debug_info    0x0000000000004f5a      0x524 ./system/src/cmsis/system_stm32f4xx.o
 .debug_info    0x000000000000547e       0xce ./system/src/cmsis/vectors_stm32f407xx.o
 .debug_info    0x000000000000554c      0x583 ./src/initialize-hardware.o
 .debug_info    0x0000000000005acf      0x440 ./src/led.o
 .debug_info    0x0000000000005f0f      0x25f ./src/main.o
 .debug_info    0x000000000000616e       0xbf ./src/stm32f4xx_hal_msp.o
 .debug_info    0x000000000000622d      0x765 ./src/timer.o

.debug_abbrev   0x0000000000000000     0x1d3a
 *(.debug_abbrev)
 .debug_abbrev  0x0000000000000000      0x209 ./system/src/stm32f4-hal/stm32f4xx_hal.o
 .debug_abbrev  0x0000000000000209      0x38a ./system/src/stm32f4-hal/stm32f4xx_hal_cortex.o
 .debug_abbrev  0x0000000000000593      0x22e ./system/src/stm32f4-hal/stm32f4xx_hal_gpio.o
 .debug_abbrev  0x00000000000007c1      0x2a0 ./system/src/stm32f4-hal/stm32f4xx_hal_rcc.o
 .debug_abbrev  0x0000000000000a61       0x97 ./system/src/newlib/exit.o
 .debug_abbrev  0x0000000000000af8       0xcd ./system/src/newlib/sbrk.o
 .debug_abbrev  0x0000000000000bc5      0x1fa ./system/src/newlib/startup.o
 .debug_abbrev  0x0000000000000dbf      0x10e ./system/src/newlib/syscalls.o
 .debug_abbrev  0x0000000000000ecd      0x1eb ./system/src/diag/trace-impl.o
 .debug_abbrev  0x00000000000010b8      0x173 ./system/src/diag/trace.o
 .debug_abbrev  0x000000000000122b      0x267 ./system/src/cortexm/exception-handlers.o
 .debug_abbrev  0x0000000000001492       0xe9 ./system/src/cortexm/initialize-hardware.o
 .debug_abbrev  0x000000000000157b      0x11c ./system/src/cmsis/system_stm32f4xx.o
 .debug_abbrev  0x0000000000001697       0xa5 ./system/src/cmsis/vectors_stm32f407xx.o
 .debug_abbrev  0x000000000000173c      0x170 ./src/initialize-hardware.o
 .debug_abbrev  0x00000000000018ac      0x151 ./src/led.o
 .debug_abbrev  0x00000000000019fd      0x105 ./src/main.o
 .debug_abbrev  0x0000000000001b02       0x47 ./src/stm32f4xx_hal_msp.o
 .debug_abbrev  0x0000000000001b49      0x1f1 ./src/timer.o

.debug_line     0x0000000000000000     0xacc9
 *(.debug_line)
 .debug_line    0x0000000000000000      0xbad ./system/src/stm32f4-hal/stm32f4xx_hal.o
 .debug_line    0x0000000000000bad      0xef5 ./system/src/stm32f4-hal/stm32f4xx_hal_cortex.o
 .debug_line    0x0000000000001aa2      0xecb ./system/src/stm32f4-hal/stm32f4xx_hal_gpio.o
 .debug_line    0x000000000000296d     0x1290 ./system/src/stm32f4-hal/stm32f4xx_hal_rcc.o
 .debug_line    0x0000000000003bfd      0x339 ./system/src/newlib/exit.o
 .debug_line    0x0000000000003f36      0x323 ./system/src/newlib/sbrk.o
 .debug_line    0x0000000000004259      0x60f ./system/src/newlib/startup.o
 .debug_line    0x0000000000004868      0x427 ./system/src/newlib/syscalls.o
 .debug_line    0x0000000000004c8f      0xb6f ./system/src/diag/trace-impl.o
 .debug_line    0x00000000000057fe      0x416 ./system/src/diag/trace.o
 .debug_line    0x0000000000005c14      0xda3 ./system/src/cortexm/exception-handlers.o
 .debug_line    0x00000000000069b7      0x875 ./system/src/cortexm/initialize-hardware.o
 .debug_line    0x000000000000722c      0x907 ./system/src/cmsis/system_stm32f4xx.o
 .debug_line    0x0000000000007b33      0x10d ./system/src/cmsis/vectors_stm32f407xx.o
 .debug_line    0x0000000000007c40      0xb32 ./src/initialize-hardware.o
 .debug_line    0x0000000000008772      0x882 ./src/led.o
 .debug_line    0x0000000000008ff4      0xb33 ./src/main.o
 .debug_line    0x0000000000009b27      0x865 ./src/stm32f4xx_hal_msp.o
 .debug_line    0x000000000000a38c      0x93d ./src/timer.o

.debug_frame    0x0000000000000000      0xf88
 *(.debug_frame)
 .debug_frame   0x0000000000000000      0x1f0 ./system/src/stm32f4-hal/stm32f4xx_hal.o
 .debug_frame   0x00000000000001f0      0x19c ./system/src/stm32f4-hal/stm32f4xx_hal_cortex.o
 .debug_frame   0x000000000000038c       0xfc ./system/src/stm32f4-hal/stm32f4xx_hal_gpio.o
 .debug_frame   0x0000000000000488      0x16c ./system/src/stm32f4-hal/stm32f4xx_hal_rcc.o
 .debug_frame   0x00000000000005f4       0x38 ./system/src/newlib/exit.o
 .debug_frame   0x000000000000062c       0x28 ./system/src/newlib/sbrk.o
 .debug_frame   0x0000000000000654       0x7c ./system/src/newlib/startup.o
 .debug_frame   0x00000000000006d0       0x50 ./system/src/newlib/syscalls.o
 .debug_frame   0x0000000000000720       0x64 ./system/src/diag/trace-impl.o
 .debug_frame   0x0000000000000784       0x94 ./system/src/diag/trace.o
 .debug_frame   0x0000000000000818      0x158 ./system/src/cortexm/exception-handlers.o
 .debug_frame   0x0000000000000970       0x40 ./system/src/cortexm/initialize-hardware.o
 .debug_frame   0x00000000000009b0       0x30 ./system/src/cmsis/system_stm32f4xx.o
 .debug_frame   0x00000000000009e0       0x20 ./system/src/cmsis/vectors_stm32f407xx.o
 .debug_frame   0x0000000000000a00       0x60 ./src/initialize-hardware.o
 .debug_frame   0x0000000000000a60       0x5c ./src/led.o
 .debug_frame   0x0000000000000abc       0x2c ./src/main.o
 .debug_frame   0x0000000000000ae8       0x50 ./src/stm32f4xx_hal_msp.o
 .debug_frame   0x0000000000000b38       0x58 ./src/timer.o
 .debug_frame   0x0000000000000b90       0x2c /usr/share/gcc-arm-none-eabi-10.3-2021.10/bin/../lib/gcc/arm-none-eabi/10.3.1/thumb/v7e-m/nofp/libgcc.a(_aeabi_uldivmod.o)
 .debug_frame   0x0000000000000bbc       0x34 /usr/share/gcc-arm-none-eabi-10.3-2021.10/bin/../lib/gcc/arm-none-eabi/10.3.1/thumb/v7e-m/nofp/libgcc.a(_udivmoddi4.o)
 .debug_frame   0x0000000000000bf0       0x20 /usr/share/gcc-arm-none-eabi-10.3-2021.10/bin/../lib/gcc/arm-none-eabi/10.3.1/../../../../arm-none-eabi/lib/thumb/v7e-m/nofp/libg_nano.a(lib_a-errno.o)
 .debug_frame   0x0000000000000c10       0x4c /usr/share/gcc-arm-none-eabi-10.3-2021.10/bin/../lib/gcc/arm-none-eabi/10.3.1/../../../../arm-none-eabi/lib/thumb/v7e-m/nofp/libg_nano.a(lib_a-vsnprintf.o)
 .debug_frame   0x0000000000000c5c       0x90 /usr/share/gcc-arm-none-eabi-10.3-2021.10/bin/../lib/gcc/arm-none-eabi/10.3.1/../../../../arm-none-eabi/lib/thumb/v7e-m/nofp/libg_nano.a(lib_a-nano-svfprintf.o)
 .debug_frame   0x0000000000000cec       0x60 /usr/share/gcc-arm-none-eabi-10.3-2021.10/bin/../lib/gcc/arm-none-eabi/10.3.1/../../../../arm-none-eabi/lib/thumb/v7e-m/nofp/libg_nano.a(lib_a-nano-vfprintf_i.o)
 .debug_frame   0x0000000000000d4c       0x28 /usr/share/gcc-arm-none-eabi-10.3-2021.10/bin/../lib/gcc/arm-none-eabi/10.3.1/../../../../arm-none-eabi/lib/thumb/v7e-m/nofp/libg_nano.a(lib_a-memcpy-stub.o)
 .debug_frame   0x0000000000000d74       0x28 /usr/share/gcc-arm-none-eabi-10.3-2021.10/bin/../lib/gcc/arm-none-eabi/10.3.1/../../../../arm-none-eabi/lib/thumb/v7e-m/nofp/libg_nano.a(lib_a-memmove.o)
 .debug_frame   0x0000000000000d9c       0x38 /usr/share/gcc-arm-none-eabi-10.3-2021.10/bin/../lib/gcc/arm-none-eabi/10.3.1/../../../../arm-none-eabi/lib/thumb/v7e-m/nofp/libg_nano.a(lib_a-nano-freer.o)
 .debug_frame   0x0000000000000dd4       0x4c /usr/share/gcc-arm-none-eabi-10.3-2021.10/bin/../lib/gcc/arm-none-eabi/10.3.1/../../../../arm-none-eabi/lib/thumb/v7e-m/nofp/libg_nano.a(lib_a-nano-mallocr.o)
 .debug_frame   0x0000000000000e20       0x3c /usr/share/gcc-arm-none-eabi-10.3-2021.10/bin/../lib/gcc/arm-none-eabi/10.3.1/../../../../arm-none-eabi/lib/thumb/v7e-m/nofp/libg_nano.a(lib_a-nano-reallocr.o)
 .debug_frame   0x0000000000000e5c       0x2c /usr/share/gcc-arm-none-eabi-10.3-2021.10/bin/../lib/gcc/arm-none-eabi/10.3.1/../../../../arm-none-eabi/lib/thumb/v7e-m/nofp/libg_nano.a(lib_a-sbrkr.o)
 .debug_frame   0x0000000000000e88       0x30 /usr/share/gcc-arm-none-eabi-10.3-2021.10/bin/../lib/gcc/arm-none-eabi/10.3.1/../../../../arm-none-eabi/lib/thumb/v7e-m/nofp/libg_nano.a(lib_a-mlock.o)
 .debug_frame   0x0000000000000eb8       0x20 /usr/share/gcc-arm-none-eabi-10.3-2021.10/bin/../lib/gcc/arm-none-eabi/10.3.1/../../../../arm-none-eabi/lib/thumb/v7e-m/nofp/libg_nano.a(lib_a-nano-msizer.o)
 .debug_frame   0x0000000000000ed8       0xb0 /usr/share/gcc-arm-none-eabi-10.3-2021.10/bin/../lib/gcc/arm-none-eabi/10.3.1/../../../../arm-none-eabi/lib/thumb/v7e-m/nofp/libg_nano.a(lib_a-lock.o)

.debug_str      0x0000000000000000    0xf6540
 *(.debug_str)
 .debug_str     0x0000000000000000    0xee739 ./system/src/stm32f4-hal/stm32f4xx_hal.o
                                      0xeeaca (size before relaxing)
 .debug_str     0x00000000000ee739      0x3b1 ./system/src/stm32f4-hal/stm32f4xx_hal_cortex.o
                                      0xee7f4 (size before relaxing)
 .debug_str     0x00000000000eeaea      0x27d ./system/src/stm32f4-hal/stm32f4xx_hal_gpio.o
                                      0xee15b (size before relaxing)
 .debug_str     0x00000000000eed67      0x3b0 ./system/src/stm32f4-hal/stm32f4xx_hal_rcc.o
                                      0xee36d (size before relaxing)
 .debug_str     0x00000000000ef117     0x4695 ./system/src/newlib/exit.o
                                       0x77d0 (size before relaxing)
 .debug_str     0x00000000000f37ac      0x4dd ./system/src/newlib/sbrk.o
                                       0x6bb1 (size before relaxing)
 .debug_str     0x00000000000f3c89      0x2cb ./system/src/newlib/startup.o
                                       0x641d (size before relaxing)
 .debug_str     0x00000000000f3f54     0x1504 ./system/src/newlib/syscalls.o
                                       0x80fe (size before relaxing)
 .debug_str     0x00000000000f5458      0x387 ./system/src/diag/trace-impl.o
                                      0xf16e1 (size before relaxing)
 .debug_str     0x00000000000f57df      0x81a ./system/src/diag/trace.o
                                       0x7f57 (size before relaxing)
 .debug_str     0x00000000000f5ff9      0x19d ./system/src/cortexm/exception-handlers.o
                                      0xf285f (size before relaxing)
 .debug_str     0x00000000000f6196       0x5d ./system/src/cortexm/initialize-hardware.o
                                      0xede69 (size before relaxing)
 .debug_str     0x00000000000f61f3       0x46 ./system/src/cmsis/system_stm32f4xx.o
                                      0xedf57 (size before relaxing)
 .debug_str     0x00000000000f6239       0x59 ./system/src/cmsis/vectors_stm32f407xx.o
                                       0x3871 (size before relaxing)
 .debug_str     0x00000000000f6292       0x35 ./src/initialize-hardware.o
                                      0xf1666 (size before relaxing)
 .debug_str     0x00000000000f62c7      0x137 ./src/led.o
                                      0xee027 (size before relaxing)
 .debug_str     0x00000000000f63fe       0xcc ./src/main.o
                                      0xf2ced (size before relaxing)
 .debug_str     0x00000000000f64ca       0x3d ./src/stm32f4xx_hal_msp.o
                                      0xedda9 (size before relaxing)
 .debug_str     0x00000000000f6507       0x39 ./src/timer.o
                                      0xee46e (size before relaxing)

.debug_loc      0x0000000000000000     0x2493
 *(.debug_loc)
 .debug_loc     0x0000000000000000      0x130 ./system/src/stm32f4-hal/stm32f4xx_hal.o
 .debug_loc     0x0000000000000130      0x92e ./system/src/stm32f4-hal/stm32f4xx_hal_cortex.o
 .debug_loc     0x0000000000000a5e      0x66d ./system/src/stm32f4-hal/stm32f4xx_hal_gpio.o
 .debug_loc     0x00000000000010cb      0x56f ./system/src/stm32f4-hal/stm32f4xx_hal_rcc.o
 .debug_loc     0x000000000000163a       0x15 ./system/src/newlib/exit.o
 .debug_loc     0x000000000000164f       0x97 ./system/src/newlib/sbrk.o
 .debug_loc     0x00000000000016e6      0x49b ./system/src/newlib/startup.o
 .debug_loc     0x0000000000001b81       0x6f ./system/src/newlib/syscalls.o
 .debug_loc     0x0000000000001bf0      0x1a3 ./system/src/diag/trace-impl.o
 .debug_loc     0x0000000000001d93      0x118 ./system/src/diag/trace.o
 .debug_loc     0x0000000000001eab      0x35c ./system/src/cortexm/exception-handlers.o
 .debug_loc     0x0000000000002207      0x158 ./system/src/cmsis/system_stm32f4xx.o
 .debug_loc     0x000000000000235f       0x64 ./src/initialize-hardware.o
 .debug_loc     0x00000000000023c3       0x6d ./src/main.o
 .debug_loc     0x0000000000002430       0x63 ./src/timer.o

.debug_macinfo
 *(.debug_macinfo)

.debug_weaknames
 *(.debug_weaknames)

.debug_funcnames
 *(.debug_funcnames)

.debug_typenames
 *(.debug_typenames)

.debug_varnames
 *(.debug_varnames)
OUTPUT(test2.elf elf32-littlearm)
LOAD linker stubs

.debug_ranges   0x0000000000000000      0x578
 .debug_ranges  0x0000000000000000       0xe0 ./system/src/stm32f4-hal/stm32f4xx_hal.o
 .debug_ranges  0x00000000000000e0      0x128 ./system/src/stm32f4-hal/stm32f4xx_hal_cortex.o
 .debug_ranges  0x0000000000000208       0x48 ./system/src/stm32f4-hal/stm32f4xx_hal_gpio.o
 .debug_ranges  0x0000000000000250       0x90 ./system/src/stm32f4-hal/stm32f4xx_hal_rcc.o
 .debug_ranges  0x00000000000002e0       0x18 ./system/src/newlib/exit.o
 .debug_ranges  0x00000000000002f8       0x10 ./system/src/newlib/sbrk.o
 .debug_ranges  0x0000000000000308       0x78 ./system/src/newlib/startup.o
 .debug_ranges  0x0000000000000380       0x20 ./system/src/newlib/syscalls.o
 .debug_ranges  0x00000000000003a0       0x38 ./system/src/diag/trace-impl.o
 .debug_ranges  0x00000000000003d8       0x28 ./system/src/diag/trace.o
 .debug_ranges  0x0000000000000400       0x98 ./system/src/cortexm/exception-handlers.o
 .debug_ranges  0x0000000000000498       0x18 ./system/src/cortexm/initialize-hardware.o
 .debug_ranges  0x00000000000004b0       0x18 ./system/src/cmsis/system_stm32f4xx.o
 .debug_ranges  0x00000000000004c8       0x10 ./system/src/cmsis/vectors_stm32f407xx.o
 .debug_ranges  0x00000000000004d8       0x20 ./src/initialize-hardware.o
 .debug_ranges  0x00000000000004f8       0x20 ./src/led.o
 .debug_ranges  0x0000000000000518       0x10 ./src/main.o
 .debug_ranges  0x0000000000000528       0x28 ./src/stm32f4xx_hal_msp.o
 .debug_ranges  0x0000000000000550       0x28 ./src/timer.o

.debug_macro    0x0000000000000000    0x28c91
 .debug_macro   0x0000000000000000      0x40d ./system/src/stm32f4-hal/stm32f4xx_hal.o
 .debug_macro   0x000000000000040d      0xa7e ./system/src/stm32f4-hal/stm32f4xx_hal.o
 .debug_macro   0x0000000000000e8b      0x3a2 ./system/src/stm32f4-hal/stm32f4xx_hal.o
 .debug_macro   0x000000000000122d       0x2e ./system/src/stm32f4-hal/stm32f4xx_hal.o
 .debug_macro   0x000000000000125b       0x2f ./system/src/stm32f4-hal/stm32f4xx_hal.o
 .debug_macro   0x000000000000128a      0x34e ./system/src/stm32f4-hal/stm32f4xx_hal.o
 .debug_macro   0x00000000000015d8       0x1c ./system/src/stm32f4-hal/stm32f4xx_hal.o
 .debug_macro   0x00000000000015f4       0x22 ./system/src/stm32f4-hal/stm32f4xx_hal.o
 .debug_macro   0x0000000000001616       0xd9 ./system/src/stm32f4-hal/stm32f4xx_hal.o
 .debug_macro   0x00000000000016ef     0x102d ./system/src/stm32f4-hal/stm32f4xx_hal.o
 .debug_macro   0x000000000000271c      0x11f ./system/src/stm32f4-hal/stm32f4xx_hal.o
 .debug_macro   0x000000000000283b    0x15e3c ./system/src/stm32f4-hal/stm32f4xx_hal.o
 .debug_macro   0x0000000000018677       0x43 ./system/src/stm32f4-hal/stm32f4xx_hal.o
 .debug_macro   0x00000000000186ba     0x3659 ./system/src/stm32f4-hal/stm32f4xx_hal.o
 .debug_macro   0x000000000001bd13      0x174 ./system/src/stm32f4-hal/stm32f4xx_hal.o
 .debug_macro   0x000000000001be87       0x5a ./system/src/stm32f4-hal/stm32f4xx_hal.o
 .debug_macro   0x000000000001bee1      0x96b ./system/src/stm32f4-hal/stm32f4xx_hal.o
 .debug_macro   0x000000000001c84c      0x9fe ./system/src/stm32f4-hal/stm32f4xx_hal.o
 .debug_macro   0x000000000001d24a      0x117 ./system/src/stm32f4-hal/stm32f4xx_hal.o
 .debug_macro   0x000000000001d361      0x13e ./system/src/stm32f4-hal/stm32f4xx_hal.o
 .debug_macro   0x000000000001d49f       0x27 ./system/src/stm32f4-hal/stm32f4xx_hal.o
 .debug_macro   0x000000000001d4c6      0x174 ./system/src/stm32f4-hal/stm32f4xx_hal.o
 .debug_macro   0x000000000001d63a      0x287 ./system/src/stm32f4-hal/stm32f4xx_hal.o
 .debug_macro   0x000000000001d8c1       0x5f ./system/src/stm32f4-hal/stm32f4xx_hal.o
 .debug_macro   0x000000000001d920      0x236 ./system/src/stm32f4-hal/stm32f4xx_hal.o
 .debug_macro   0x000000000001db56      0x391 ./system/src/stm32f4-hal/stm32f4xx_hal.o
 .debug_macro   0x000000000001dee7      0x176 ./system/src/stm32f4-hal/stm32f4xx_hal.o
 .debug_macro   0x000000000001e05d       0xf9 ./system/src/stm32f4-hal/stm32f4xx_hal.o
 .debug_macro   0x000000000001e156      0x40f ./system/src/stm32f4-hal/stm32f4xx_hal.o
 .debug_macro   0x000000000001e565       0x22 ./system/src/stm32f4-hal/stm32f4xx_hal.o
 .debug_macro   0x000000000001e587       0xea ./system/src/stm32f4-hal/stm32f4xx_hal.o
 .debug_macro   0x000000000001e671       0xa0 ./system/src/stm32f4-hal/stm32f4xx_hal.o
 .debug_macro   0x000000000001e711       0x3c ./system/src/stm32f4-hal/stm32f4xx_hal.o
 .debug_macro   0x000000000001e74d       0x1f ./system/src/stm32f4-hal/stm32f4xx_hal.o
 .debug_macro   0x000000000001e76c      0x1d2 ./system/src/stm32f4-hal/stm32f4xx_hal.o
 .debug_macro   0x000000000001e93e      0xccf ./system/src/stm32f4-hal/stm32f4xx_hal.o
 .debug_macro   0x000000000001f60d      0x12c ./system/src/stm32f4-hal/stm32f4xx_hal.o
 .debug_macro   0x000000000001f739      0x21e ./system/src/stm32f4-hal/stm32f4xx_hal.o
 .debug_macro   0x000000000001f957       0x2e ./system/src/stm32f4-hal/stm32f4xx_hal.o
 .debug_macro   0x000000000001f985      0x543 ./system/src/stm32f4-hal/stm32f4xx_hal.o
 .debug_macro   0x000000000001fec8       0x88 ./system/src/stm32f4-hal/stm32f4xx_hal.o
 .debug_macro   0x000000000001ff50       0xea ./system/src/stm32f4-hal/stm32f4xx_hal.o
 .debug_macro   0x000000000002003a      0x184 ./system/src/stm32f4-hal/stm32f4xx_hal.o
 .debug_macro   0x00000000000201be      0x1b5 ./system/src/stm32f4-hal/stm32f4xx_hal.o
 .debug_macro   0x0000000000020373       0xd6 ./system/src/stm32f4-hal/stm32f4xx_hal.o
 .debug_macro   0x0000000000020449      0x26b ./system/src/stm32f4-hal/stm32f4xx_hal.o
 .debug_macro   0x00000000000206b4      0x1a7 ./system/src/stm32f4-hal/stm32f4xx_hal.o
 .debug_macro   0x000000000002085b       0x46 ./system/src/stm32f4-hal/stm32f4xx_hal.o
 .debug_macro   0x00000000000208a1       0x4a ./system/src/stm32f4-hal/stm32f4xx_hal.o
 .debug_macro   0x00000000000208eb       0x78 ./system/src/stm32f4-hal/stm32f4xx_hal.o
 .debug_macro   0x0000000000020963      0x11a ./system/src/stm32f4-hal/stm32f4xx_hal.o
 .debug_macro   0x0000000000020a7d       0x7e ./system/src/stm32f4-hal/stm32f4xx_hal.o
 .debug_macro   0x0000000000020afb       0x89 ./system/src/stm32f4-hal/stm32f4xx_hal.o
 .debug_macro   0x0000000000020b84       0xa4 ./system/src/stm32f4-hal/stm32f4xx_hal.o
 .debug_macro   0x0000000000020c28      0x31a ./system/src/stm32f4-hal/stm32f4xx_hal.o
 .debug_macro   0x0000000000020f42      0x405 ./system/src/stm32f4-hal/stm32f4xx_hal.o
 .debug_macro   0x0000000000021347       0xe4 ./system/src/stm32f4-hal/stm32f4xx_hal.o
 .debug_macro   0x000000000002142b      0x861 ./system/src/stm32f4-hal/stm32f4xx_hal.o
 .debug_macro   0x0000000000021c8c      0x1d5 ./system/src/stm32f4-hal/stm32f4xx_hal.o
 .debug_macro   0x0000000000021e61      0x225 ./system/src/stm32f4-hal/stm32f4xx_hal.o
 .debug_macro   0x0000000000022086      0x8a0 ./system/src/stm32f4-hal/stm32f4xx_hal.o
 .debug_macro   0x0000000000022926       0x47 ./system/src/stm32f4-hal/stm32f4xx_hal.o
 .debug_macro   0x000000000002296d      0x287 ./system/src/stm32f4-hal/stm32f4xx_hal.o
 .debug_macro   0x0000000000022bf4      0x217 ./system/src/stm32f4-hal/stm32f4xx_hal.o
 .debug_macro   0x0000000000022e0b      0x1b5 ./system/src/stm32f4-hal/stm32f4xx_hal.o
 .debug_macro   0x0000000000022fc0      0x2db ./system/src/stm32f4-hal/stm32f4xx_hal.o
 .debug_macro   0x000000000002329b       0x8d ./system/src/stm32f4-hal/stm32f4xx_hal.o
 .debug_macro   0x0000000000023328      0x21e ./system/src/stm32f4-hal/stm32f4xx_hal.o
 .debug_macro   0x0000000000023546       0xba ./system/src/stm32f4-hal/stm32f4xx_hal.o
 .debug_macro   0x0000000000023600       0x6e ./system/src/stm32f4-hal/stm32f4xx_hal.o
 .debug_macro   0x000000000002366e      0x1e9 ./system/src/stm32f4-hal/stm32f4xx_hal.o
 .debug_macro   0x0000000000023857      0x12d ./system/src/stm32f4-hal/stm32f4xx_hal.o
 .debug_macro   0x0000000000023984      0x3ad ./system/src/stm32f4-hal/stm32f4xx_hal_cortex.o
 .debug_macro   0x0000000000023d31      0x3e3 ./system/src/stm32f4-hal/stm32f4xx_hal_gpio.o
 .debug_macro   0x0000000000024114      0x3d1 ./system/src/stm32f4-hal/stm32f4xx_hal_rcc.o
 .debug_macro   0x00000000000244e5      0x1ae ./system/src/newlib/exit.o
 .debug_macro   0x0000000000024693      0x163 ./system/src/newlib/sbrk.o
 .debug_macro   0x00000000000247f6       0x10 ./system/src/newlib/sbrk.o
 .debug_macro   0x0000000000024806      0x23b ./system/src/newlib/sbrk.o
 .debug_macro   0x0000000000024a41      0x15f ./system/src/newlib/startup.o
 .debug_macro   0x0000000000024ba0      0xa84 ./system/src/newlib/startup.o
 .debug_macro   0x0000000000025624      0x220 ./system/src/newlib/syscalls.o
 .debug_macro   0x0000000000025844       0x1c ./system/src/newlib/syscalls.o
 .debug_macro   0x0000000000025860       0x10 ./system/src/newlib/syscalls.o
 .debug_macro   0x0000000000025870       0x10 ./system/src/newlib/syscalls.o
 .debug_macro   0x0000000000025880       0x10 ./system/src/newlib/syscalls.o
 .debug_macro   0x0000000000025890       0x35 ./system/src/newlib/syscalls.o
 .debug_macro   0x00000000000258c5      0x12c ./system/src/newlib/syscalls.o
 .debug_macro   0x00000000000259f1       0xce ./system/src/newlib/syscalls.o
 .debug_macro   0x0000000000025abf       0x7c ./system/src/newlib/syscalls.o
 .debug_macro   0x0000000000025b3b       0x17 ./system/src/newlib/syscalls.o
 .debug_macro   0x0000000000025b52      0x118 ./system/src/newlib/syscalls.o
 .debug_macro   0x0000000000025c6a      0x189 ./system/src/newlib/syscalls.o
 .debug_macro   0x0000000000025df3       0x16 ./system/src/newlib/syscalls.o
 .debug_macro   0x0000000000025e09      0x50d ./system/src/diag/trace-impl.o
 .debug_macro   0x0000000000026316       0x10 ./system/src/diag/trace-impl.o
 .debug_macro   0x0000000000026326       0x22 ./system/src/diag/trace-impl.o
 .debug_macro   0x0000000000026348      0x1f5 ./system/src/diag/trace.o
 .debug_macro   0x000000000002653d       0x16 ./system/src/diag/trace.o
 .debug_macro   0x0000000000026553       0x97 ./system/src/diag/trace.o
 .debug_macro   0x00000000000265ea       0xfd ./system/src/diag/trace.o
 .debug_macro   0x00000000000266e7       0x10 ./system/src/diag/trace.o
 .debug_macro   0x00000000000266f7       0x16 ./system/src/diag/trace.o
 .debug_macro   0x000000000002670d      0x16f ./system/src/diag/trace.o
 .debug_macro   0x000000000002687c       0x4c ./system/src/diag/trace.o
 .debug_macro   0x00000000000268c8       0x16 ./system/src/diag/trace.o
 .debug_macro   0x00000000000268de      0x56b ./system/src/cortexm/exception-handlers.o
 .debug_macro   0x0000000000026e49       0x10 ./system/src/cortexm/exception-handlers.o
 .debug_macro   0x0000000000026e59      0x3b7 ./system/src/cortexm/initialize-hardware.o
 .debug_macro   0x0000000000027210      0x3b3 ./system/src/cmsis/system_stm32f4xx.o
 .debug_macro   0x00000000000275c3       0x34 ./system/src/cmsis/vectors_stm32f407xx.o
 .debug_macro   0x00000000000275f7      0x4f2 ./src/initialize-hardware.o
 .debug_macro   0x0000000000027ae9      0x3bc ./src/led.o
 .debug_macro   0x0000000000027ea5       0x28 ./src/led.o
 .debug_macro   0x0000000000027ecd      0x5b5 ./src/main.o
 .debug_macro   0x0000000000028482       0x54 ./src/main.o
 .debug_macro   0x00000000000284d6       0x2e ./src/main.o
 .debug_macro   0x0000000000028504      0x3ad ./src/stm32f4xx_hal_msp.o
 .debug_macro   0x00000000000288b1      0x3d0 ./src/timer.o
 .debug_macro   0x0000000000028c81       0x10 ./src/timer.o
